// Jest Snapshot v1, https://goo.gl/fbAQLP

exports[`Pruebas en <PrimeraApp/ > Debe de mostrar <PrimeraApp /> correctamente  1`] = `
<Fragment>
  <h1>
    Hola, soy goku
  </h1>
  <p>
    Mi subtitulo
  </p>
</Fragment>
`;

exports[`Pruebas en <PrimeraApp/ > Debe de mostrar el subtitulo enviado por props 1`] = `
<Fragment>
  <h1>
    Hola, soy goku
  </h1>
  <p>
    Mi subtitulo
  </p>
</Fragment>
`;
